// Jest Snapshot v1, https://goo.gl/fbAQLP

exports[`App match snapshot 1`] = `
<DocumentFragment>
  <div
    class="App"
  >
    <div
      class="ant-spin ant-spin-lg ant-spin-spinning ant-spin-show-text"
    >
      <span
        class="ant-spin-dot ant-spin-dot-spin"
      >
        <i
          class="ant-spin-dot-item"
        />
        <i
          class="ant-spin-dot-item"
        />
        <i
          class="ant-spin-dot-item"
        />
        <i
          class="ant-spin-dot-item"
        />
      </span>
      <div
        class="ant-spin-text"
      >
        drinking tea ...
      </div>
    </div>
  </div>
</DocumentFragment>
`;
